RUNTIME ERROR: Max stack frames exceeded.
	error.recursive_object_non_term.jsonlang:20:45-51	object <anonymous>
	error.recursive_object_non_term.jsonlang:20:45-51	object <anonymous>
	error.recursive_object_non_term.jsonlang:20:45-51	object <anonymous>
	error.recursive_object_non_term.jsonlang:20:45-51	object <anonymous>
	error.recursive_object_non_term.jsonlang:20:45-51	object <anonymous>
	error.recursive_object_non_term.jsonlang:20:45-51	object <anonymous>
	error.recursive_object_non_term.jsonlang:20:45-51	object <anonymous>
	error.recursive_object_non_term.jsonlang:20:45-51	object <anonymous>
	error.recursive_object_non_term.jsonlang:20:45-51	object <anonymous>
	error.recursive_object_non_term.jsonlang:20:45-51	object <anonymous>
	...
	error.recursive_object_non_term.jsonlang:20:35-56	object <Fib>
	error.recursive_object_non_term.jsonlang:20:35-56	object <Fib>
	error.recursive_object_non_term.jsonlang:20:35-56	object <Fib>
	error.recursive_object_non_term.jsonlang:20:35-56	object <Fib>
	error.recursive_object_non_term.jsonlang:20:35-56	object <Fib>
	error.recursive_object_non_term.jsonlang:20:35-56	object <Fib>
	error.recursive_object_non_term.jsonlang:20:35-56	object <Fib>
	error.recursive_object_non_term.jsonlang:20:35-56	object <Fib>
	error.recursive_object_non_term.jsonlang:20:35-56	object <Fib>
	error.recursive_object_non_term.jsonlang:23:1-17	
